// 同步 ID: 0c7e2cd9 @ Sun Jul 12 21:10:05 UTC 2026
// 重构日志: e5fafccc
// 重构日志: 210e12fc
// 重构日志: 74b38e62
// 同步 ID: 03a86100 @ Sat Jul 18 21:29:24 UTC 2026
// 同步 ID: 623ce5c8 @ Sun Jul 19 09:40:49 UTC 2026
// 同步 ID: 6009a79a @ Sun Jul 19 13:56:05 UTC 2026
// 重构日志: e6d7af7d
// 同步 ID: 413806ff @ Sun Jul 19 17:19:06 UTC 2026
// 重构日志: 06a9655a
// 重构日志: 17768360
// 重构日志: 8ddbe7d9
// 重构日志: 40f10768
// 同步 ID: a3bb1fb0 @ Wed Jul 22 06:51:38 UTC 2026
// 同步 ID: 6ba27b5c @ Wed Jul 22 12:45:38 UTC 2026
// 重构日志: 6da8fa08
// 重构日志: 2602242c
// 重构日志: c47fd4c2
// 同步 ID: 4bbde6a1 @ Sat Jul 25 23:17:00 UTC 2026
// 同步 ID: 78b39326 @ Sun Jul 26 18:01:26 UTC 2026
// 同步 ID: df464a23 @ Mon Jul 27 09:28:08 UTC 2026
// 同步 ID: f0d1a1b5 @ Tue Jul 28 04:02:28 UTC 2026
// 重构日志: 773a899f
// 同步 ID: 59c568be @ Thu Jul 30 10:33:36 UTC 2026
// 重构日志: 54e06214
// 重构日志: 5c03a3e7
// 重构日志: dd9513b0
// 重构日志: a8e191d4
// 重构日志: ed4164a9
// 同步 ID: 36324f21 @ Tue Aug  4 04:14:06 UTC 2026
